
> omnitask@0.1.0 dev
> next dev -p 4000

▲ Next.js 16.2.2 (Turbopack)
- Local:         http://localhost:4000
- Network:       http://192.168.1.16:4000
✓ Ready in 702ms
⚠ The "middleware" file convention is deprecated. Please use "proxy" instead. Learn more: https://nextjs.org/docs/messages/middleware-to-proxy

[browser] A tree hydrated but some attributes of the server rendered HTML didn't match the client properties. This won't be patched up. This can happen if a SSR-ed Client Component used:

- A server/client branch `if (typeof window !== 'undefined')`.
- Variable input such as `Date.now()` or `Math.random()` which changes each time it's called.
- Date formatting in a user's locale which doesn't match the server.
- External changing data without sending a snapshot of it along with the HTML.
- Invalid HTML tag nesting.

It can also happen if the client has a browser extension installed which messes with the HTML before React loaded.

https://react.dev/link/hydration-mismatch

  ...
    <HotReload globalError={[...]} webSocket={WebSocket} staticIndicatorState={{pathname:null, ...}}>
      <AppDevOverlayErrorBoundary globalError={[...]}>
        <ReplaySsrOnlyErrors>
        <DevRootHTTPAccessFallbackBoundary>
          <HTTPAccessFallbackBoundary notFound={<NotAllowedRootHTTPFallbackError>}>
            <HTTPAccessFallbackErrorBoundary pathname="/branze/bi..." notFound={<NotAllowedRootHTTPFallbackError>} ...>
              <RedirectBoundary>
                <RedirectErrorBoundary router={{...}}>
                  <Head>
                  <__next_root_layout_boundary__>
                    <SegmentViewNode type="layout" pagePath="layout.tsx">
                      <SegmentTrieNode>
                      <link>
                      <script>
                      <script>
                      <script>
                      <RootLayout>
                        <html
                          lang="pl"
                          className="plus_jakarta_sans_76ad0bb-module__ORWOwq__variable rajdhani_e9473497-module__KAbc..."
                          data-scroll-behavior="smooth"
-                         webcrx-bridged=""
-                         webcrx=""
                        >
                  ...
 
    at <unknown> (file://E:/StronaOmniTask/omni-task-main/.next/dev/static/chunks/node_modules_next_dist_compiled_react-dom_058-ah~._.js:3439:25)
    at runWithFiberInDEV (file://E:/StronaOmniTask/omni-task-main/.next/dev/static/chunks/node_modules_next_dist_compiled_react-dom_058-ah~._.js:965:74)
    at emitPendingHydrationWarnings (file://E:/StronaOmniTask/omni-task-main/.next/dev/static/chunks/node_modules_next_dist_compiled_react-dom_058-ah~._.js:3438:13)
    at completeWork (file://E:/StronaOmniTask/omni-task-main/.next/dev/static/chunks/node_modules_next_dist_compiled_react-dom_058-ah~._.js:6885:102)
    at runWithFiberInDEV (file://E:/StronaOmniTask/omni-task-main/.next/dev/static/chunks/node_modules_next_dist_compiled_react-dom_058-ah~._.js:965:131)
    at completeUnitOfWork (file://E:/StronaOmniTask/omni-task-main/.next/dev/static/chunks/node_modules_next_dist_compiled_react-dom_058-ah~._.js:9622:23)
    at performUnitOfWork (file://E:/StronaOmniTask/omni-task-main/.next/dev/static/chunks/node_modules_next_dist_compiled_react-dom_058-ah~._.js:9557:28)
    at workLoopConcurrentByScheduler (file://E:/StronaOmniTask/omni-task-main/.next/dev/static/chunks/node_modules_next_dist_compiled_react-dom_058-ah~._.js:9551:58)
    at renderRootConcurrent (file://E:/StronaOmniTask/omni-task-main/.next/dev/static/chunks/node_modules_next_dist_compiled_react-dom_058-ah~._.js:9534:71)
    at performWorkOnRoot (file://E:/StronaOmniTask/omni-task-main/.next/dev/static/chunks/node_modules_next_dist_compiled_react-dom_058-ah~._.js:9061:150)
    at performWorkOnRootViaSchedulerTask (file://E:/StronaOmniTask/omni-task-main/.next/dev/static/chunks/node_modules_next_dist_compiled_react-dom_058-ah~._.js:10255:9)
    at MessagePort.performWorkUntilDeadline (file://E:/StronaOmniTask/omni-task-main/.next/dev/static/chunks/node_modules_next_dist_compiled_0rpq4pf._.js:2647:64) (file://E:/StronaOmniTask/omni-task-main/.next/dev/static/chunks/node_modules_next_dist_compiled_react-dom_058-ah~._.js:3439:25)
○ Compiling /branze/biura-nieruchomosci ...
 GET /uslugi/ksef 200 in 4.3s (next.js: 3.5s, proxy.ts: 114ms, application-code: 670ms)
 GET /branze/biura-nieruchomosci 200 in 4.3s (next.js: 4.0s, proxy.ts: 128ms, application-code: 185ms)
 GET /branze 200 in 756ms (next.js: 552ms, proxy.ts: 80ms, application-code: 123ms)
 GET /branze/biura-nieruchomosci 200 in 119ms (next.js: 7ms, proxy.ts: 6ms, application-code: 106ms)
 GET /branze/biura-rachunkowe 200 in 618ms (next.js: 474ms, proxy.ts: 4ms, application-code: 140ms)
 GET /branze/handel-i-ecommerce 200 in 630ms (next.js: 503ms, proxy.ts: 4ms, application-code: 122ms)
 GET /branze 200 in 91ms (next.js: 6ms, proxy.ts: 5ms, application-code: 81ms)
prisma:error 
Invalid `__TURBOPACK__imported__module__$5b$project$5d2f$src$2f$lib$2f$prisma$2e$ts__$5b$app$2d$rsc$5d$__$28$ecmascript$29$__["prisma"].article.findMany()` invocation in
E:\StronaOmniTask\omni-task-main\.next\dev\server\chunks\ssr\[root-of-the-server]__0c3mlv~._.js:402:162

  399 async function HomePage() {
  400     let articles = [];
  401     try {
→ 402         const raw = await __TURBOPACK__imported__module__$5b$project$5d2f$src$2f$lib$2f$prisma$2e$ts__$5b$app$2d$rsc$5d$__$28$ecmascript$29$__["prisma"].article.findMany(
error: Environment variable not found: DATABASE_URL.
  -->  schema.prisma:7
   | 
 6 |   provider = "postgresql"
 7 |   url      = env("DATABASE_URL")
   | 

Validation Error Count: 1
Error fetching latest articles: Error [PrismaClientInitializationError]: 
Invalid `__TURBOPACK__imported__module__$5b$project$5d2f$src$2f$lib$2f$prisma$2e$ts__$5b$app$2d$rsc$5d$__$28$ecmascript$29$__["prisma"].article.findMany()` invocation in
E:\StronaOmniTask\omni-task-main\.next\dev\server\chunks\ssr\[root-of-the-server]__0c3mlv~._.js:402:162

  399 async function HomePage() {
  400     let articles = [];
  401     try {
→ 402         const raw = await __TURBOPACK__imported__module__$5b$project$5d2f$src$2f$lib$2f$prisma$2e$ts__$5b$app$2d$rsc$5d$__$28$ecmascript$29$__["prisma"].article.findMany(
error: Environment variable not found: DATABASE_URL.
  -->  schema.prisma:7
   | 
 6 |   provider = "postgresql"
 7 |   url      = env("DATABASE_URL")
   | 

Validation Error Count: 1
    at <unknown> (src\app\page.tsx:17:38)
    at <unknown> (-->  schema.prisma:7)
    at async HomePage (src\app\page.tsx:17:17)
  15 |
  16 |   try {
> 17 |     const raw = await prisma.article.findMany({
     |                                      ^
  18 |       where: { is_public: true },
  19 |       orderBy: { created_at: 'desc' },
  20 |       take: 3, {
  clientVersion: '5.22.0',
  errorCode: undefined
}
 GET / 200 in 1418ms (next.js: 1112ms, proxy.ts: 4ms, application-code: 302ms)
 GET /robots.txt?496870 200 in 443ms (next.js: 430ms, application-code: 13ms)
 GET /robots.txt?496870 200 in 9ms (next.js: 4ms, application-code: 6ms)
prisma:error 
Invalid `__TURBOPACK__imported__module__$5b$project$5d2f$src$2f$lib$2f$prisma$2e$ts__$5b$app$2d$route$5d$__$28$ecmascript$29$__["prisma"].article.findMany()` invocation in
E:\StronaOmniTask\omni-task-main\.next\dev\server\chunks\[root-of-the-server]__0~1dzqv._.js:266:150

  263 async function GET() {
  264     try {
  265         const articles = await Promise.race([
→ 266             __TURBOPACK__imported__module__$5b$project$5d2f$src$2f$lib$2f$prisma$2e$ts__$5b$app$2d$route$5d$__$28$ecmascript$29$__["prisma"].article.findMany(
error: Environment variable not found: DATABASE_URL.
  -->  schema.prisma:7
   | 
 6 |   provider = "postgresql"
 7 |   url      = env("DATABASE_URL")
   | 

Validation Error Count: 1
Error fetching articles: Error [PrismaClientInitializationError]: 
Invalid `__TURBOPACK__imported__module__$5b$project$5d2f$src$2f$lib$2f$prisma$2e$ts__$5b$app$2d$route$5d$__$28$ecmascript$29$__["prisma"].article.findMany()` invocation in
E:\StronaOmniTask\omni-task-main\.next\dev\server\chunks\[root-of-the-server]__0~1dzqv._.js:266:150

  263 async function GET() {
  264     try {
  265         const articles = await Promise.race([
→ 266             __TURBOPACK__imported__module__$5b$project$5d2f$src$2f$lib$2f$prisma$2e$ts__$5b$app$2d$route$5d$__$28$ecmascript$29$__["prisma"].article.findMany(
error: Environment variable not found: DATABASE_URL.
  -->  schema.prisma:7
   | 
 6 |   provider = "postgresql"
 7 |   url      = env("DATABASE_URL")
   | 

Validation Error Count: 1
    at <unknown> (src\app\api\articles\route.ts:8:22)
    at <unknown> (-->  schema.prisma:7)
    at async GET (src\app\api\articles\route.ts:7:22)
   6 |   try {
   7 |     const articles = await Promise.race([
>  8 |       prisma.article.findMany({
     |                      ^
   9 |         where: { is_public: true },
  10 |         orderBy: { created_at: 'desc' },
  11 |         select: { {
  clientVersion: '5.22.0',
  errorCode: undefined
}
 GET /api/articles 200 in 805ms (next.js: 624ms, application-code: 181ms)
prisma:error 
Invalid `__TURBOPACK__imported__module__$5b$project$5d2f$src$2f$lib$2f$prisma$2e$ts__$5b$app$2d$route$5d$__$28$ecmascript$29$__["prisma"].article.findMany()` invocation in
E:\StronaOmniTask\omni-task-main\.next\dev\server\chunks\[root-of-the-server]__0~1dzqv._.js:266:150

  263 async function GET() {
  264     try {
  265         const articles = await Promise.race([
→ 266             __TURBOPACK__imported__module__$5b$project$5d2f$src$2f$lib$2f$prisma$2e$ts__$5b$app$2d$route$5d$__$28$ecmascript$29$__["prisma"].article.findMany(
error: Environment variable not found: DATABASE_URL.
  -->  schema.prisma:7
   | 
 6 |   provider = "postgresql"
 7 |   url      = env("DATABASE_URL")
   | 

Validation Error Count: 1
Error fetching articles: Error [PrismaClientInitializationError]: 
Invalid `__TURBOPACK__imported__module__$5b$project$5d2f$src$2f$lib$2f$prisma$2e$ts__$5b$app$2d$route$5d$__$28$ecmascript$29$__["prisma"].article.findMany()` invocation in
E:\StronaOmniTask\omni-task-main\.next\dev\server\chunks\[root-of-the-server]__0~1dzqv._.js:266:150

  263 async function GET() {
  264     try {
  265         const articles = await Promise.race([
→ 266             __TURBOPACK__imported__module__$5b$project$5d2f$src$2f$lib$2f$prisma$2e$ts__$5b$app$2d$route$5d$__$28$ecmascript$29$__["prisma"].article.findMany(
error: Environment variable not found: DATABASE_URL.
  -->  schema.prisma:7
   | 
 6 |   provider = "postgresql"
 7 |   url      = env("DATABASE_URL")
   | 

Validation Error Count: 1
    at <unknown> (src\app\api\articles\route.ts:8:22)
    at <unknown> (-->  schema.prisma:7)
    at async GET (src\app\api\articles\route.ts:7:22)
   6 |   try {
   7 |     const articles = await Promise.race([
>  8 |       prisma.article.findMany({
     |                      ^
   9 |         where: { is_public: true },
  10 |         orderBy: { created_at: 'desc' },
  11 |         select: { {
  clientVersion: '5.22.0',
  errorCode: undefined
}
 GET /api/articles 200 in 89ms (next.js: 4ms, application-code: 85ms)
prisma:error 
Invalid `__TURBOPACK__imported__module__$5b$project$5d2f$src$2f$lib$2f$prisma$2e$ts__$5b$app$2d$rsc$5d$__$28$ecmascript$29$__["prisma"].article.findMany()` invocation in
E:\StronaOmniTask\omni-task-main\.next\dev\server\chunks\ssr\[root-of-the-server]__0c3mlv~._.js:402:162

  399 async function HomePage() {
  400     let articles = [];
  401     try {
→ 402         const raw = await __TURBOPACK__imported__module__$5b$project$5d2f$src$2f$lib$2f$prisma$2e$ts__$5b$app$2d$rsc$5d$__$28$ecmascript$29$__["prisma"].article.findMany(
error: Environment variable not found: DATABASE_URL.
  -->  schema.prisma:7
   | 
 6 |   provider = "postgresql"
 7 |   url      = env("DATABASE_URL")
   | 

Validation Error Count: 1
Error fetching latest articles: Error [PrismaClientInitializationError]: 
Invalid `__TURBOPACK__imported__module__$5b$project$5d2f$src$2f$lib$2f$prisma$2e$ts__$5b$app$2d$rsc$5d$__$28$ecmascript$29$__["prisma"].article.findMany()` invocation in
E:\StronaOmniTask\omni-task-main\.next\dev\server\chunks\ssr\[root-of-the-server]__0c3mlv~._.js:402:162

  399 async function HomePage() {
  400     let articles = [];
  401     try {
→ 402         const raw = await __TURBOPACK__imported__module__$5b$project$5d2f$src$2f$lib$2f$prisma$2e$ts__$5b$app$2d$rsc$5d$__$28$ecmascript$29$__["prisma"].article.findMany(
error: Environment variable not found: DATABASE_URL.
  -->  schema.prisma:7
   | 
 6 |   provider = "postgresql"
 7 |   url      = env("DATABASE_URL")
   | 

Validation Error Count: 1
    at <unknown> (src\app\page.tsx:17:38)
    at <unknown> (-->  schema.prisma:7)
    at async HomePage (src\app\page.tsx:17:17)
  15 |
  16 |   try {
> 17 |     const raw = await prisma.article.findMany({
     |                                      ^
  18 |       where: { is_public: true },
  19 |       orderBy: { created_at: 'desc' },
  20 |       take: 3, {
  clientVersion: '5.22.0',
  errorCode: undefined
}
 GET / 200 in 137ms (next.js: 5ms, proxy.ts: 6ms, application-code: 126ms)
prisma:error 
Invalid `__TURBOPACK__imported__module__$5b$project$5d2f$src$2f$lib$2f$prisma$2e$ts__$5b$app$2d$rsc$5d$__$28$ecmascript$29$__["prisma"].article.findMany()` invocation in
E:\StronaOmniTask\omni-task-main\.next\dev\server\chunks\ssr\[root-of-the-server]__0c3mlv~._.js:402:162

  399 async function HomePage() {
  400     let articles = [];
  401     try {
→ 402         const raw = await __TURBOPACK__imported__module__$5b$project$5d2f$src$2f$lib$2f$prisma$2e$ts__$5b$app$2d$rsc$5d$__$28$ecmascript$29$__["prisma"].article.findMany(
error: Environment variable not found: DATABASE_URL.
  -->  schema.prisma:7
   | 
 6 |   provider = "postgresql"
 7 |   url      = env("DATABASE_URL")
   | 

Validation Error Count: 1
Error fetching latest articles: Error [PrismaClientInitializationError]: 
Invalid `__TURBOPACK__imported__module__$5b$project$5d2f$src$2f$lib$2f$prisma$2e$ts__$5b$app$2d$rsc$5d$__$28$ecmascript$29$__["prisma"].article.findMany()` invocation in
E:\StronaOmniTask\omni-task-main\.next\dev\server\chunks\ssr\[root-of-the-server]__0c3mlv~._.js:402:162

  399 async function HomePage() {
  400     let articles = [];
  401     try {
→ 402         const raw = await __TURBOPACK__imported__module__$5b$project$5d2f$src$2f$lib$2f$prisma$2e$ts__$5b$app$2d$rsc$5d$__$28$ecmascript$29$__["prisma"].article.findMany(
error: Environment variable not found: DATABASE_URL.
  -->  schema.prisma:7
   | 
 6 |   provider = "postgresql"
 7 |   url      = env("DATABASE_URL")
   | 

Validation Error Count: 1
    at <unknown> (src\app\page.tsx:17:38)
    at <unknown> (-->  schema.prisma:7)
    at async HomePage (src\app\page.tsx:17:17)
  15 |
  16 |   try {
> 17 |     const raw = await prisma.article.findMany({
     |                                      ^
  18 |       where: { is_public: true },
  19 |       orderBy: { created_at: 'desc' },
  20 |       take: 3, {
  clientVersion: '5.22.0',
  errorCode: undefined
}
 GET / 200 in 107ms (next.js: 5ms, proxy.ts: 5ms, application-code: 96ms)
[browser] A tree hydrated but some attributes of the server rendered HTML didn't match the client properties. This won't be patched up. This can happen if a SSR-ed Client Component used:

- A server/client branch `if (typeof window !== 'undefined')`.
- Variable input such as `Date.now()` or `Math.random()` which changes each time it's called.
- Date formatting in a user's locale which doesn't match the server.
- External changing data without sending a snapshot of it along with the HTML.
- Invalid HTML tag nesting.

It can also happen if the client has a browser extension installed which messes with the HTML before React loaded.

https://react.dev/link/hydration-mismatch

  ...
    <HotReload globalError={[...]} webSocket={WebSocket} staticIndicatorState={{pathname:null, ...}}>
      <AppDevOverlayErrorBoundary globalError={[...]}>
        <ReplaySsrOnlyErrors>
        <DevRootHTTPAccessFallbackBoundary>
          <HTTPAccessFallbackBoundary notFound={<NotAllowedRootHTTPFallbackError>}>
            <HTTPAccessFallbackErrorBoundary pathname="/uslugi/ksef" notFound={<NotAllowedRootHTTPFallbackError>} ...>
              <RedirectBoundary>
                <RedirectErrorBoundary router={{...}}>
                  <Head>
                  <__next_root_layout_boundary__>
                    <SegmentViewNode type="layout" pagePath="layout.tsx">
                      <SegmentTrieNode>
                      <link>
                      <script>
                      <script>
                      <script>
                      <RootLayout>
                        <html
                          lang="pl"
                          className="plus_jakarta_sans_76ad0bb-module__ORWOwq__variable rajdhani_e9473497-module__KAbc..."
                          data-scroll-behavior="smooth"
-                         webcrx-bridged=""
-                         webcrx=""
                        >
                  ...
 
    at <unknown> (file://E:/StronaOmniTask/omni-task-main/.next/dev/static/chunks/node_modules_next_dist_compiled_react-dom_058-ah~._.js:3439:25)
    at runWithFiberInDEV (file://E:/StronaOmniTask/omni-task-main/.next/dev/static/chunks/node_modules_next_dist_compiled_react-dom_058-ah~._.js:965:74)
    at emitPendingHydrationWarnings (file://E:/StronaOmniTask/omni-task-main/.next/dev/static/chunks/node_modules_next_dist_compiled_react-dom_058-ah~._.js:3438:13)
    at completeWork (file://E:/StronaOmniTask/omni-task-main/.next/dev/static/chunks/node_modules_next_dist_compiled_react-dom_058-ah~._.js:6885:102)
    at runWithFiberInDEV (file://E:/StronaOmniTask/omni-task-main/.next/dev/static/chunks/node_modules_next_dist_compiled_react-dom_058-ah~._.js:965:131)
    at completeUnitOfWork (file://E:/StronaOmniTask/omni-task-main/.next/dev/static/chunks/node_modules_next_dist_compiled_react-dom_058-ah~._.js:9622:23)
    at performUnitOfWork (file://E:/StronaOmniTask/omni-task-main/.next/dev/static/chunks/node_modules_next_dist_compiled_react-dom_058-ah~._.js:9557:28)
    at workLoopConcurrentByScheduler (file://E:/StronaOmniTask/omni-task-main/.next/dev/static/chunks/node_modules_next_dist_compiled_react-dom_058-ah~._.js:9551:58)
    at renderRootConcurrent (file://E:/StronaOmniTask/omni-task-main/.next/dev/static/chunks/node_modules_next_dist_compiled_react-dom_058-ah~._.js:9534:71)
    at performWorkOnRoot (file://E:/StronaOmniTask/omni-task-main/.next/dev/static/chunks/node_modules_next_dist_compiled_react-dom_058-ah~._.js:9061:150)
    at performWorkOnRootViaSchedulerTask (file://E:/StronaOmniTask/omni-task-main/.next/dev/static/chunks/node_modules_next_dist_compiled_react-dom_058-ah~._.js:10255:9)
    at MessagePort.performWorkUntilDeadline (file://E:/StronaOmniTask/omni-task-main/.next/dev/static/chunks/node_modules_next_dist_compiled_0rpq4pf._.js:2647:64) (file://E:/StronaOmniTask/omni-task-main/.next/dev/static/chunks/node_modules_next_dist_compiled_react-dom_058-ah~._.js:3439:25)
 GET /branze/handel-i-ecommerce 200 in 37ms (next.js: 5ms, proxy.ts: 5ms, application-code: 27ms)
 GET /branze/biura-rachunkowe 200 in 36ms (next.js: 7ms, proxy.ts: 3ms, application-code: 26ms)
prisma:error 
Invalid `__TURBOPACK__imported__module__$5b$project$5d2f$src$2f$lib$2f$prisma$2e$ts__$5b$app$2d$rsc$5d$__$28$ecmascript$29$__["prisma"].article.findMany()` invocation in
E:\StronaOmniTask\omni-task-main\.next\dev\server\chunks\ssr\[root-of-the-server]__0c3mlv~._.js:402:162

  399 async function HomePage() {
  400     let articles = [];
  401     try {
→ 402         const raw = await __TURBOPACK__imported__module__$5b$project$5d2f$src$2f$lib$2f$prisma$2e$ts__$5b$app$2d$rsc$5d$__$28$ecmascript$29$__["prisma"].article.findMany(
error: Environment variable not found: DATABASE_URL.
  -->  schema.prisma:7
   | 
 6 |   provider = "postgresql"
 7 |   url      = env("DATABASE_URL")
   | 

Validation Error Count: 1
Error fetching latest articles: Error [PrismaClientInitializationError]: 
Invalid `__TURBOPACK__imported__module__$5b$project$5d2f$src$2f$lib$2f$prisma$2e$ts__$5b$app$2d$rsc$5d$__$28$ecmascript$29$__["prisma"].article.findMany()` invocation in
E:\StronaOmniTask\omni-task-main\.next\dev\server\chunks\ssr\[root-of-the-server]__0c3mlv~._.js:402:162

  399 async function HomePage() {
  400     let articles = [];
  401     try {
→ 402         const raw = await __TURBOPACK__imported__module__$5b$project$5d2f$src$2f$lib$2f$prisma$2e$ts__$5b$app$2d$rsc$5d$__$28$ecmascript$29$__["prisma"].article.findMany(
error: Environment variable not found: DATABASE_URL.
  -->  schema.prisma:7
   | 
 6 |   provider = "postgresql"
 7 |   url      = env("DATABASE_URL")
   | 

Validation Error Count: 1
    at <unknown> (src\app\page.tsx:17:38)
    at <unknown> (-->  schema.prisma:7)
    at async HomePage (src\app\page.tsx:17:17)
  15 |
  16 |   try {
> 17 |     const raw = await prisma.article.findMany({
     |                                      ^
  18 |       where: { is_public: true },
  19 |       orderBy: { created_at: 'desc' },
  20 |       take: 3, {
  clientVersion: '5.22.0',
  errorCode: undefined
}
 GET / 200 in 42ms (next.js: 6ms, proxy.ts: 3ms, application-code: 33ms)
